iningizimu afrika iyizwe elisezansi ezwenikazi lase-afrika yaziwa ngokusemthethweni ngokuthi iriphabhuliki yaseningizimu afrika
